// Jest Snapshot v1, https://goo.gl/fbAQLP

exports[`Layout matches snapshot 1`] = `
<div
  data-testid="layout"
>
  <header>
    this is header
  </header>
  <div>
    hello
  </div>
  <footer>
    This is footer
  </footer>
</div>
`;
